Away developers(51)
aaby - Busy with exam until aug. 22
absinthe - Almost finished moving (ugh), but currently out of the country on business in Bombay/Mumbai, India. Email is the best option, but the response time won't be awesome until I get back on July 5th.
alexander - I'm going to be away until after exams. I will be back by late May. You won't need to contact anyone, hopefully. If you have something important, I'll probably be able to respond.
angusyoung - Visiting clients. I'll be back Aug/13.
axxo - email me
battousai - Still no internet on campus. Don't say I didn't warn you. Currently hoping for a Wed Sep 5 return.
bazik - Duty in German Army until 2006/05/31, foreign deployment in Afghanistan for International Security Assistance Force from November '05 to March '06.
bennyc - Summer session and intern, back until mid of july
beu - Last week(ish) at present job, might be unavailable for long periods - email me@g.o on anything that needs attention.
centic - I have to reduce working on Gentoo-related things as my real life wants some more of my time currently...
cyfred - permanently gone...
deathwing00 - Gone to Greece from 17 August 2005 until 7 September 2005. Please, contact 'parapente' on irc.freenode.org or enter #gentoo-el for questions regarding Greek Translations.
dertobi123 - Busy with real-life stuff, back in september. Will try to catch up all ppc-security bugs though, otherwise ask Anarchy. For German translations ask grahl.
dholm - Moving August 13th. Status of broadband access is uncertain at the moment.
dmwaters - moving back to florida. Won't get my stuff till Sept 2, might be back before that, depends on when i get my new machine. Jhuebel can handle major devrel issues while i'm gone, and recruiters@g.o can handle any new dev issues.
ferringb - Busy with portage rewrite, and (soon) stable bugs.
foser - Break until 27th of Aug, won't be reading any mail.
geoman - New Hampshire until August 6th, Missouri until August 15th
greg_g - Away for three weeks to attend a series of conferences with limited internet access, from 8/28 to 9/18.
gregkh - Be back August 31.
hadfield - On holidays from Friday, July 15 for about a week.
jforman - Moving back to school, hopefully back on early week of August 22nd.
jkt - Hiking in Bulgary till 2005-09-05.
joem - Finished moving and getting dsl installed. Will be back no later than aug 18.
josejx - Moved to Pittsburgh, I'll be hard to reach for the next few days until after September 6th.
krispykringle - Finishing classes -> going to Redmond. I'm "around," but forbidden, by way of employment contract, from working on Gentoo very much.
lewk - Working for Red Hat in Boston for the summer. I'll be around, but not very active.
luckyduck - Away till 2005/07/25 due to connection problems
lv - <jedi mind trick> I'm not really away. </jedi mind trick>
mattam - Hollidays then summer school from 15 'till 27 augut. Always working on mymaster's thesis, so don't expect much responsivness.
mcummings - I am currently on sabatical from Gentoo and shall return in a few months time. [ 16/08/05 ]
nerdboy - Really away to Canada and Finland until 24 August. Please poke KingTaco or
pclouds - Moving to Japan
plasmaroo - Slightly limited availability for a few days.
pylon - 09/02-09/04 @ <a href="http://mrmcd.metarheinmain.de/">mrmcd11b</a> (Darmstadt, Hesse, Germany)
r2d2 - Away until the week of September 6th. Will be 'around' if needed until sept. then no access till I'm back.
rac - Overwhelmed by company work currently
rajiv - visiting los angeles until wed sep 7. any devs want to meet to chat and sign keys? i will be checking email but will not be on irc.
seemant - In Boston, without dev box. Dev Box arrives in the middle of September, that's when I will return. I don't check mailing lists or aliases -- I'm on IRC, but better to contact alternate people.
sejo - no internet due to moving, normally 12/09 back internet :(
slarti - Gone till 1 Aug, then gone again on the 4 Aug till 22 Aug (roughly). No mail, irc or net at all. Recruiters -> #gentoo-devrel, net-mail -> #gentoo-netmail. spb has my phone if it's life threatening, but it won't be.
smithj - my laptop's motherboard fried... NEVER BUY A DELL!!! in any case, any dev can fix anything normally maintained by me. i hope to be back within a week or two, but who knows?
solar - away moving.. as long as it takes to get done. 9-5 EST I will be reachable
spider - Moving // Germany from 12th to 17th ( Wave Gotik Treffen ) // 3-5 weeks before I get an ISP in my new place.
spyderous - Wedding+honeymoon, back Sept. 5. Bug joshuabaergen/battousai about X.
stuart - On vacation - back 1st October.
swegener - Looking for a new job, don't expect much Gentoo work during this time. Available via IRC and mail.
twp - Around, but generally slow reaction times at the moment: busy at work and the
vorlon - busy with work and personal stuff; hope to have more time mid september again
xmerlin - On holidays from Monday, August 15th for about a week.
zx - Half-time now. Working on a book.

lv - <jedi mind trick> I'm not really away. </jedi mind trick>
