Size: 116
shell-tools(7)
  ciaranm
  ka0ttic
  kloeri
  seemant
  slarti
  swegener
  taviso
