Size: 3
Name:       Aaron Walker(ka0ttic)
Email:      ka0ttic@gentoo.org
PGP Key ID: 0xCB803470
Joined on:  10 September 2004
Birthday:   19 November 1983
Status:     Active
Roles:      Gentoo/BSD, cron, commonbox, shell-tools, cvs-utils, forensics, netmon, vim, web-apps security, recruitment
Location:   Daytona Beach, FL, USA
